2026-09-08 01:26:32,286 - INFO - ✓ Yandex Music müştərisi uğurla başladıldı
2026-09-08 01:26:32,287 - INFO - ============================================================
2026-09-08 01:26:32,287 - INFO - 🎵 MUSİQİ YÜKLƏMƏ SİSTEMİ BAŞLADI
2026-09-08 01:26:32,288 - INFO - ============================================================
2026-09-08 01:26:32,288 - INFO - 
📥 YANDEX MUSIC-DƏN YÜKLƏMƏ...
2026-09-08 01:26:32,700 - INFO - 📋 Yandex pleylist: Apple_music (1 mahnı)
2026-09-08 01:26:32,701 - INFO - ⬇ Yüklənir: SEEYA - Chocolata
2026-09-08 01:26:33,104 - ERROR - ✗ Xəta (Chocolata): Unavailable bitrate
2026-09-08 01:26:33,105 - INFO - ✓ Yandex-dən 0 mahnı yükləndi

2026-09-08 01:26:33,106 - INFO - 📥 YOUTUBE-DAN YÜKLƏMƏ...
2026-09-08 01:26:37,983 - INFO - 📋 YouTube pleylist: Apple_music (1 video)
2026-09-08 01:26:38,149 - INFO - ⬇ Yüklənir: Qaqaşlar
2026-09-08 01:26:44,040 - INFO - ✓ Uğurla yükləndi
2026-09-08 01:26:44,288 - INFO - ✓ YouTube-dan 1 mahnı yükləndi

2026-09-08 01:26:44,534 - INFO - ============================================================
2026-09-08 01:26:44,689 - INFO - ✓ TOPLAM: 1 yeni mahnı yükləndi
2026-09-08 01:26:44,959 - INFO - ============================================================
2026-09-08 01:26:45,071 - INFO - 
🎉 Uğurlu! 1 mahnı downloads/ qovluğundadır
2026-09-08 01:26:45,206 - INFO - 💡 İndi bu faylları iTunes-a əlavə edə bilərsiniz
